[2023-02-26T02:17:33.827+0000][gc,heap] Heap region size: 1M
[2023-02-26T02:17:33.835+0000][gc     ] Using G1
[2023-02-26T02:17:33.835+0000][gc,heap,coops] Heap address: 0x00000000c0000000, size: 1024 MB, Compressed Oops mode: 32-bit
[2023-02-26T02:17:33.836+0000][gc,cds       ] Mark closed archive regions in map: [0x00000000fff00000, 0x00000000fff6aff8]
[2023-02-26T02:17:33.836+0000][gc,cds       ] Mark open archive regions in map: [0x00000000ffe00000, 0x00000000ffe47ff8]
[2023-02-26T02:17:34.700+0000][gc,start     ] GC(0) Pause Young (Normal) (G1 Evacuation Pause)
[2023-02-26T02:17:34.701+0000][gc,task      ] GC(0) Using 4 workers of 4 for evacuation
[2023-02-26T02:17:34.711+0000][gc,phases    ] GC(0)   Pre Evacuate Collection Set: 0.0ms
[2023-02-26T02:17:34.711+0000][gc,phases    ] GC(0)   Evacuate Collection Set: 10.0ms
[2023-02-26T02:17:34.711+0000][gc,phases    ] GC(0)   Post Evacuate Collection Set: 0.4ms
[2023-02-26T02:17:34.711+0000][gc,phases    ] GC(0)   Other: 0.4ms
[2023-02-26T02:17:34.711+0000][gc,heap      ] GC(0) Eden regions: 51->0(44)
[2023-02-26T02:17:34.711+0000][gc,heap      ] GC(0) Survivor regions: 0->7(7)
[2023-02-26T02:17:34.711+0000][gc,heap      ] GC(0) Old regions: 2->2
[2023-02-26T02:17:34.711+0000][gc,heap      ] GC(0) Humongous regions: 0->0
[2023-02-26T02:17:34.711+0000][gc,metaspace ] GC(0) Metaspace: 14227K(15104K)->14227K(15104K) NonClass: 12480K(13056K)->12480K(13056K) Class: 1747K(2048K)->1747K(2048K)
[2023-02-26T02:17:34.711+0000][gc           ] GC(0) Pause Young (Normal) (G1 Evacuation Pause) 51M->7M(1024M) 10.984ms
[2023-02-26T02:17:34.711+0000][gc,cpu       ] GC(0) User=0.03s Sys=0.00s Real=0.02s
[2023-02-26T02:17:35.139+0000][gc,start     ] GC(1) Pause Young (Concurrent Start) (Metadata GC Threshold)
[2023-02-26T02:17:35.139+0000][gc,task      ] GC(1) Using 4 workers of 4 for evacuation
[2023-02-26T02:17:35.152+0000][gc,phases    ] GC(1)   Pre Evacuate Collection Set: 0.0ms
[2023-02-26T02:17:35.152+0000][gc,phases    ] GC(1)   Evacuate Collection Set: 11.7ms
[2023-02-26T02:17:35.152+0000][gc,phases    ] GC(1)   Post Evacuate Collection Set: 1.6ms
[2023-02-26T02:17:35.152+0000][gc,phases    ] GC(1)   Other: 0.2ms
[2023-02-26T02:17:35.152+0000][gc,heap      ] GC(1) Eden regions: 30->0(49)
[2023-02-26T02:17:35.152+0000][gc,heap      ] GC(1) Survivor regions: 7->2(7)
[2023-02-26T02:17:35.152+0000][gc,heap      ] GC(1) Old regions: 2->9
[2023-02-26T02:17:35.152+0000][gc,heap      ] GC(1) Humongous regions: 0->0
[2023-02-26T02:17:35.152+0000][gc,metaspace ] GC(1) Metaspace: 20533K(21248K)->20533K(21248K) NonClass: 18036K(18432K)->18036K(18432K) Class: 2497K(2816K)->2497K(2816K)
[2023-02-26T02:17:35.152+0000][gc           ] GC(1) Pause Young (Concurrent Start) (Metadata GC Threshold) 37M->8M(1024M) 13.625ms
[2023-02-26T02:17:35.152+0000][gc,cpu       ] GC(1) User=0.02s Sys=0.01s Real=0.02s
[2023-02-26T02:17:35.152+0000][gc           ] GC(2) Concurrent Cycle
[2023-02-26T02:17:35.152+0000][gc,marking   ] GC(2) Concurrent Clear Claimed Marks
[2023-02-26T02:17:35.152+0000][gc,marking   ] GC(2) Concurrent Clear Claimed Marks 0.035ms
[2023-02-26T02:17:35.153+0000][gc,marking   ] GC(2) Concurrent Scan Root Regions
[2023-02-26T02:17:35.154+0000][gc,marking   ] GC(2) Concurrent Scan Root Regions 1.228ms
[2023-02-26T02:17:35.154+0000][gc,marking   ] GC(2) Concurrent Mark (1.330s)
[2023-02-26T02:17:35.154+0000][gc,marking   ] GC(2) Concurrent Mark From Roots
[2023-02-26T02:17:35.154+0000][gc,task      ] GC(2) Using 1 workers of 1 for marking
[2023-02-26T02:17:35.166+0000][gc,marking   ] GC(2) Concurrent Mark From Roots 12.169ms
[2023-02-26T02:17:35.166+0000][gc,marking   ] GC(2) Concurrent Preclean
[2023-02-26T02:17:35.166+0000][gc,marking   ] GC(2) Concurrent Preclean 0.108ms
[2023-02-26T02:17:35.166+0000][gc,marking   ] GC(2) Concurrent Mark (1.330s, 1.343s) 12.373ms
[2023-02-26T02:17:35.166+0000][gc,start     ] GC(2) Pause Remark
[2023-02-26T02:17:35.171+0000][gc,stringtable] GC(2) Cleaned string and symbol table, strings: 5222 processed, 0 removed, symbols: 53166 processed, 45 removed
[2023-02-26T02:17:35.171+0000][gc            ] GC(2) Pause Remark 9M->9M(1024M) 4.794ms
[2023-02-26T02:17:35.171+0000][gc,cpu        ] GC(2) User=0.01s Sys=0.00s Real=0.01s
[2023-02-26T02:17:35.171+0000][gc,marking    ] GC(2) Concurrent Rebuild Remembered Sets
[2023-02-26T02:17:35.177+0000][gc,marking    ] GC(2) Concurrent Rebuild Remembered Sets 5.603ms
[2023-02-26T02:17:35.177+0000][gc,start      ] GC(2) Pause Cleanup
[2023-02-26T02:17:35.177+0000][gc            ] GC(2) Pause Cleanup 9M->9M(1024M) 0.329ms
[2023-02-26T02:17:35.177+0000][gc,cpu        ] GC(2) User=0.00s Sys=0.00s Real=0.00s
[2023-02-26T02:17:35.177+0000][gc,marking    ] GC(2) Concurrent Cleanup for Next Mark
[2023-02-26T02:17:35.190+0000][gc,marking    ] GC(2) Concurrent Cleanup for Next Mark 12.842ms
[2023-02-26T02:17:35.190+0000][gc            ] GC(2) Concurrent Cycle 37.925ms
[2023-02-26T02:17:35.812+0000][gc,start      ] GC(3) Pause Young (Concurrent Start) (G1 Evacuation Pause)
[2023-02-26T02:17:35.812+0000][gc,task       ] GC(3) Using 4 workers of 4 for evacuation
[2023-02-26T02:17:35.822+0000][gc,phases     ] GC(3)   Pre Evacuate Collection Set: 0.1ms
[2023-02-26T02:17:35.822+0000][gc,phases     ] GC(3)   Evacuate Collection Set: 8.9ms
[2023-02-26T02:17:35.822+0000][gc,phases     ] GC(3)   Post Evacuate Collection Set: 0.3ms
[2023-02-26T02:17:35.822+0000][gc,phases     ] GC(3)   Other: 0.2ms
[2023-02-26T02:17:35.822+0000][gc,heap       ] GC(3) Eden regions: 49->0(46)
[2023-02-26T02:17:35.822+0000][gc,heap       ] GC(3) Survivor regions: 2->5(7)
[2023-02-26T02:17:35.822+0000][gc,heap       ] GC(3) Old regions: 9->9
[2023-02-26T02:17:35.822+0000][gc,heap       ] GC(3) Humongous regions: 129->129
[2023-02-26T02:17:35.822+0000][gc,metaspace  ] GC(3) Metaspace: 28720K(29952K)->28720K(29952K) NonClass: 25379K(26112K)->25379K(26112K) Class: 3340K(3840K)->3340K(3840K)
[2023-02-26T02:17:35.822+0000][gc            ] GC(3) Pause Young (Concurrent Start) (G1 Evacuation Pause) 186M->140M(1024M) 9.624ms
[2023-02-26T02:17:35.822+0000][gc,cpu        ] GC(3) User=0.03s Sys=0.00s Real=0.00s
[2023-02-26T02:17:35.822+0000][gc            ] GC(4) Concurrent Cycle
[2023-02-26T02:17:35.822+0000][gc,marking    ] GC(4) Concurrent Clear Claimed Marks
[2023-02-26T02:17:35.822+0000][gc,marking    ] GC(4) Concurrent Clear Claimed Marks 0.040ms
[2023-02-26T02:17:35.822+0000][gc,marking    ] GC(4) Concurrent Scan Root Regions
[2023-02-26T02:17:35.826+0000][gc,marking    ] GC(4) Concurrent Scan Root Regions 3.612ms
[2023-02-26T02:17:35.826+0000][gc,marking    ] GC(4) Concurrent Mark (2.002s)
[2023-02-26T02:17:35.826+0000][gc,marking    ] GC(4) Concurrent Mark From Roots
[2023-02-26T02:17:35.826+0000][gc,task       ] GC(4) Using 1 workers of 1 for marking
[2023-02-26T02:17:35.841+0000][gc,marking    ] GC(4) Concurrent Mark From Roots 15.005ms
[2023-02-26T02:17:35.841+0000][gc,marking    ] GC(4) Concurrent Preclean
[2023-02-26T02:17:35.841+0000][gc,marking    ] GC(4) Concurrent Preclean 0.119ms
[2023-02-26T02:17:35.841+0000][gc,marking    ] GC(4) Concurrent Mark (2.002s, 2.017s) 15.191ms
[2023-02-26T02:17:35.841+0000][gc,start      ] GC(4) Pause Remark
[2023-02-26T02:17:35.854+0000][gc,stringtable] GC(4) Cleaned string and symbol table, strings: 8062 processed, 12 removed, symbols: 68573 processed, 12 removed
[2023-02-26T02:17:35.855+0000][gc            ] GC(4) Pause Remark 142M->142M(1024M) 13.757ms
[2023-02-26T02:17:35.855+0000][gc,cpu        ] GC(4) User=0.00s Sys=0.01s Real=0.02s
[2023-02-26T02:17:35.855+0000][gc,marking    ] GC(4) Concurrent Rebuild Remembered Sets
[2023-02-26T02:17:35.859+0000][gc,marking    ] GC(4) Concurrent Rebuild Remembered Sets 4.199ms
[2023-02-26T02:17:35.859+0000][gc,start      ] GC(4) Pause Cleanup
[2023-02-26T02:17:35.859+0000][gc            ] GC(4) Pause Cleanup 142M->142M(1024M) 0.198ms
[2023-02-26T02:17:35.859+0000][gc,cpu        ] GC(4) User=0.00s Sys=0.00s Real=0.00s
[2023-02-26T02:17:35.859+0000][gc,marking    ] GC(4) Concurrent Cleanup for Next Mark
[2023-02-26T02:17:35.882+0000][gc,marking    ] GC(4) Concurrent Cleanup for Next Mark 22.391ms
[2023-02-26T02:17:35.882+0000][gc            ] GC(4) Concurrent Cycle 60.134ms
[2023-02-26T02:18:36.889+0000][gc,start      ] GC(5) Pause Young (Normal) (G1 Evacuation Pause)
[2023-02-26T02:18:36.889+0000][gc,task       ] GC(5) Using 4 workers of 4 for evacuation
[2023-02-26T02:18:36.897+0000][gc,phases     ] GC(5)   Pre Evacuate Collection Set: 0.0ms
[2023-02-26T02:18:36.897+0000][gc,phases     ] GC(5)   Evacuate Collection Set: 7.0ms
[2023-02-26T02:18:36.897+0000][gc,phases     ] GC(5)   Post Evacuate Collection Set: 0.4ms
[2023-02-26T02:18:36.897+0000][gc,phases     ] GC(5)   Other: 0.2ms
[2023-02-26T02:18:36.897+0000][gc,heap       ] GC(5) Eden regions: 46->0(48)
[2023-02-26T02:18:36.897+0000][gc,heap       ] GC(5) Survivor regions: 5->3(7)
[2023-02-26T02:18:36.897+0000][gc,heap       ] GC(5) Old regions: 9->13
[2023-02-26T02:18:36.897+0000][gc,heap       ] GC(5) Humongous regions: 129->129
[2023-02-26T02:18:36.897+0000][gc,metaspace  ] GC(5) Metaspace: 37693K(39808K)->37693K(39808K) NonClass: 32931K(34048K)->32931K(34048K) Class: 4762K(5760K)->4762K(5760K)
[2023-02-26T02:18:36.897+0000][gc            ] GC(5) Pause Young (Normal) (G1 Evacuation Pause) 186M->142M(1024M) 7.735ms
[2023-02-26T02:18:36.897+0000][gc,cpu        ] GC(5) User=0.02s Sys=0.00s Real=0.01s
[2023-02-26T02:36:05.197+0000][gc,start      ] GC(6) Pause Young (Normal) (G1 Evacuation Pause)
[2023-02-26T02:36:05.197+0000][gc,task       ] GC(6) Using 4 workers of 4 for evacuation
[2023-02-26T02:36:05.204+0000][gc,phases     ] GC(6)   Pre Evacuate Collection Set: 0.0ms
[2023-02-26T02:36:05.204+0000][gc,phases     ] GC(6)   Evacuate Collection Set: 7.0ms
[2023-02-26T02:36:05.204+0000][gc,phases     ] GC(6)   Post Evacuate Collection Set: 0.5ms
[2023-02-26T02:36:05.204+0000][gc,phases     ] GC(6)   Other: 0.2ms
[2023-02-26T02:36:05.204+0000][gc,heap       ] GC(6) Eden regions: 48->0(46)
[2023-02-26T02:36:05.204+0000][gc,heap       ] GC(6) Survivor regions: 3->5(7)
[2023-02-26T02:36:05.204+0000][gc,heap       ] GC(6) Old regions: 13->13
[2023-02-26T02:36:05.204+0000][gc,heap       ] GC(6) Humongous regions: 129->129
[2023-02-26T02:36:05.204+0000][gc,metaspace  ] GC(6) Metaspace: 42234K(44928K)->42234K(44928K) NonClass: 36630K(37888K)->36630K(37888K) Class: 5603K(7040K)->5603K(7040K)
[2023-02-26T02:36:05.205+0000][gc            ] GC(6) Pause Young (Normal) (G1 Evacuation Pause) 190M->144M(1024M) 7.853ms
[2023-02-26T02:36:05.205+0000][gc,cpu        ] GC(6) User=0.03s Sys=0.00s Real=0.01s
[2023-02-26T02:48:27.974+0000][gc,start      ] GC(7) Pause Young (Normal) (G1 Evacuation Pause)
[2023-02-26T02:48:27.974+0000][gc,task       ] GC(7) Using 4 workers of 4 for evacuation
[2023-02-26T02:48:27.995+0000][gc,mmu        ] GC(7) MMU target violated: 20.7ms (20.0ms/21.0ms)
[2023-02-26T02:48:27.995+0000][gc,phases     ] GC(7)   Pre Evacuate Collection Set: 0.0ms
[2023-02-26T02:48:27.995+0000][gc,phases     ] GC(7)   Evacuate Collection Set: 19.3ms
[2023-02-26T02:48:27.995+0000][gc,phases     ] GC(7)   Post Evacuate Collection Set: 1.3ms
[2023-02-26T02:48:27.995+0000][gc,phases     ] GC(7)   Other: 0.3ms
[2023-02-26T02:48:27.995+0000][gc,heap       ] GC(7) Eden regions: 46->0(46)
[2023-02-26T02:48:27.995+0000][gc,heap       ] GC(7) Survivor regions: 5->5(7)
[2023-02-26T02:48:27.995+0000][gc,heap       ] GC(7) Old regions: 13->15
[2023-02-26T02:48:27.995+0000][gc,heap       ] GC(7) Humongous regions: 129->129
[2023-02-26T02:48:27.995+0000][gc,metaspace  ] GC(7) Metaspace: 44044K(46848K)->44044K(46848K) NonClass: 38308K(39680K)->38308K(39680K) Class: 5735K(7168K)->5735K(7168K)
[2023-02-26T02:48:27.995+0000][gc            ] GC(7) Pause Young (Normal) (G1 Evacuation Pause) 190M->147M(1024M) 20.958ms
[2023-02-26T02:48:27.995+0000][gc,cpu        ] GC(7) User=0.04s Sys=0.00s Real=0.02s
[2023-02-26T02:50:08.505+0000][gc,heap,exit  ] Heap
[2023-02-26T02:50:08.505+0000][gc,heap,exit  ]  garbage-first heap   total 1048576K, used 166124K [0x00000000c0000000, 0x0000000100000000)
[2023-02-26T02:50:08.505+0000][gc,heap,exit  ]   region size 1024K, 21 young (21504K), 5 survivors (5120K)
[2023-02-26T02:50:08.505+0000][gc,heap,exit  ]  Metaspace       used 44912K, capacity 47905K, committed 48256K, reserved 1089536K
[2023-02-26T02:50:08.505+0000][gc,heap,exit  ]   class space    used 5965K, capacity 7442K, committed 7552K, reserved 1048576K
