[2023-04-13T19:02:17.101+0000][gc,heap] Heap region size: 1M
[2023-04-13T19:02:17.110+0000][gc     ] Using G1
[2023-04-13T19:02:17.110+0000][gc,heap,coops] Heap address: 0x00000000c0000000, size: 1024 MB, Compressed Oops mode: 32-bit
[2023-04-13T19:02:17.110+0000][gc,cds       ] Mark closed archive regions in map: [0x00000000fff00000, 0x00000000fff6aff8]
[2023-04-13T19:02:17.110+0000][gc,cds       ] Mark open archive regions in map: [0x00000000ffe00000, 0x00000000ffe47ff8]
[2023-04-13T19:02:18.375+0000][gc,start     ] GC(0) Pause Young (Normal) (GCLocker Initiated GC)
[2023-04-13T19:02:18.380+0000][gc,task      ] GC(0) Using 4 workers of 4 for evacuation
[2023-04-13T19:02:18.399+0000][gc,phases    ] GC(0)   Pre Evacuate Collection Set: 0.0ms
[2023-04-13T19:02:18.399+0000][gc,phases    ] GC(0)   Evacuate Collection Set: 19.0ms
[2023-04-13T19:02:18.399+0000][gc,phases    ] GC(0)   Post Evacuate Collection Set: 0.4ms
[2023-04-13T19:02:18.399+0000][gc,phases    ] GC(0)   Other: 5.0ms
[2023-04-13T19:02:18.399+0000][gc,heap      ] GC(0) Eden regions: 51->0(44)
[2023-04-13T19:02:18.399+0000][gc,heap      ] GC(0) Survivor regions: 0->7(7)
[2023-04-13T19:02:18.399+0000][gc,heap      ] GC(0) Old regions: 2->2
[2023-04-13T19:02:18.399+0000][gc,heap      ] GC(0) Humongous regions: 0->0
[2023-04-13T19:02:18.399+0000][gc,metaspace ] GC(0) Metaspace: 14229K(14848K)->14229K(14848K) NonClass: 12481K(12800K)->12481K(12800K) Class: 1747K(2048K)->1747K(2048K)
[2023-04-13T19:02:18.400+0000][gc           ] GC(0) Pause Young (Normal) (GCLocker Initiated GC) 51M->7M(1024M) 24.650ms
[2023-04-13T19:02:18.400+0000][gc,cpu       ] GC(0) User=0.03s Sys=0.01s Real=0.03s
[2023-04-13T19:02:18.826+0000][gc,start     ] GC(1) Pause Young (Concurrent Start) (Metadata GC Threshold)
[2023-04-13T19:02:18.826+0000][gc,task      ] GC(1) Using 4 workers of 4 for evacuation
[2023-04-13T19:02:18.837+0000][gc,phases    ] GC(1)   Pre Evacuate Collection Set: 0.1ms
[2023-04-13T19:02:18.837+0000][gc,phases    ] GC(1)   Evacuate Collection Set: 11.0ms
[2023-04-13T19:02:18.837+0000][gc,phases    ] GC(1)   Post Evacuate Collection Set: 0.3ms
[2023-04-13T19:02:18.837+0000][gc,phases    ] GC(1)   Other: 0.2ms
[2023-04-13T19:02:18.837+0000][gc,heap      ] GC(1) Eden regions: 30->0(49)
[2023-04-13T19:02:18.837+0000][gc,heap      ] GC(1) Survivor regions: 7->2(7)
[2023-04-13T19:02:18.837+0000][gc,heap      ] GC(1) Old regions: 2->9
[2023-04-13T19:02:18.837+0000][gc,heap      ] GC(1) Humongous regions: 0->0
[2023-04-13T19:02:18.837+0000][gc,metaspace ] GC(1) Metaspace: 20528K(21248K)->20528K(21248K) NonClass: 18031K(18432K)->18031K(18432K) Class: 2497K(2816K)->2497K(2816K)
[2023-04-13T19:02:18.837+0000][gc           ] GC(1) Pause Young (Concurrent Start) (Metadata GC Threshold) 37M->8M(1024M) 11.759ms
[2023-04-13T19:02:18.837+0000][gc,cpu       ] GC(1) User=0.04s Sys=0.00s Real=0.01s
[2023-04-13T19:02:18.837+0000][gc           ] GC(2) Concurrent Cycle
[2023-04-13T19:02:18.837+0000][gc,marking   ] GC(2) Concurrent Clear Claimed Marks
[2023-04-13T19:02:18.837+0000][gc,marking   ] GC(2) Concurrent Clear Claimed Marks 0.026ms
[2023-04-13T19:02:18.837+0000][gc,marking   ] GC(2) Concurrent Scan Root Regions
[2023-04-13T19:02:18.838+0000][gc,marking   ] GC(2) Concurrent Scan Root Regions 1.032ms
[2023-04-13T19:02:18.838+0000][gc,marking   ] GC(2) Concurrent Mark (1.740s)
[2023-04-13T19:02:18.839+0000][gc,marking   ] GC(2) Concurrent Mark From Roots
[2023-04-13T19:02:18.839+0000][gc,task      ] GC(2) Using 1 workers of 1 for marking
[2023-04-13T19:02:18.849+0000][gc,marking   ] GC(2) Concurrent Mark From Roots 10.614ms
[2023-04-13T19:02:18.849+0000][gc,marking   ] GC(2) Concurrent Preclean
[2023-04-13T19:02:18.849+0000][gc,marking   ] GC(2) Concurrent Preclean 0.099ms
[2023-04-13T19:02:18.849+0000][gc,marking   ] GC(2) Concurrent Mark (1.740s, 1.751s) 10.794ms
[2023-04-13T19:02:18.849+0000][gc,start     ] GC(2) Pause Remark
[2023-04-13T19:02:18.852+0000][gc,stringtable] GC(2) Cleaned string and symbol table, strings: 5215 processed, 0 removed, symbols: 53135 processed, 45 removed
[2023-04-13T19:02:18.852+0000][gc            ] GC(2) Pause Remark 8M->8M(1024M) 2.353ms
[2023-04-13T19:02:18.852+0000][gc,cpu        ] GC(2) User=0.00s Sys=0.00s Real=0.00s
[2023-04-13T19:02:18.852+0000][gc,marking    ] GC(2) Concurrent Rebuild Remembered Sets
[2023-04-13T19:02:18.857+0000][gc,marking    ] GC(2) Concurrent Rebuild Remembered Sets 5.093ms
[2023-04-13T19:02:18.857+0000][gc,start      ] GC(2) Pause Cleanup
[2023-04-13T19:02:18.857+0000][gc            ] GC(2) Pause Cleanup 9M->9M(1024M) 0.209ms
[2023-04-13T19:02:18.857+0000][gc,cpu        ] GC(2) User=0.00s Sys=0.00s Real=0.00s
[2023-04-13T19:02:18.857+0000][gc,marking    ] GC(2) Concurrent Cleanup for Next Mark
[2023-04-13T19:02:18.867+0000][gc,marking    ] GC(2) Concurrent Cleanup for Next Mark 9.403ms
[2023-04-13T19:02:18.867+0000][gc            ] GC(2) Concurrent Cycle 29.388ms
[2023-04-13T19:02:19.554+0000][gc,start      ] GC(3) Pause Young (Concurrent Start) (G1 Evacuation Pause)
[2023-04-13T19:02:19.554+0000][gc,task       ] GC(3) Using 4 workers of 4 for evacuation
[2023-04-13T19:02:19.560+0000][gc,phases     ] GC(3)   Pre Evacuate Collection Set: 0.1ms
[2023-04-13T19:02:19.560+0000][gc,phases     ] GC(3)   Evacuate Collection Set: 4.9ms
[2023-04-13T19:02:19.560+0000][gc,phases     ] GC(3)   Post Evacuate Collection Set: 0.3ms
[2023-04-13T19:02:19.560+0000][gc,phases     ] GC(3)   Other: 0.2ms
[2023-04-13T19:02:19.560+0000][gc,heap       ] GC(3) Eden regions: 49->0(46)
[2023-04-13T19:02:19.560+0000][gc,heap       ] GC(3) Survivor regions: 2->5(7)
[2023-04-13T19:02:19.560+0000][gc,heap       ] GC(3) Old regions: 9->9
[2023-04-13T19:02:19.560+0000][gc,heap       ] GC(3) Humongous regions: 129->129
[2023-04-13T19:02:19.560+0000][gc,metaspace  ] GC(3) Metaspace: 28749K(29952K)->28749K(29952K) NonClass: 25401K(26112K)->25401K(26112K) Class: 3348K(3840K)->3348K(3840K)
[2023-04-13T19:02:19.560+0000][gc            ] GC(3) Pause Young (Concurrent Start) (G1 Evacuation Pause) 186M->140M(1024M) 5.655ms
[2023-04-13T19:02:19.560+0000][gc,cpu        ] GC(3) User=0.01s Sys=0.01s Real=0.01s
[2023-04-13T19:02:19.560+0000][gc            ] GC(4) Concurrent Cycle
[2023-04-13T19:02:19.560+0000][gc,marking    ] GC(4) Concurrent Clear Claimed Marks
[2023-04-13T19:02:19.560+0000][gc,marking    ] GC(4) Concurrent Clear Claimed Marks 0.035ms
[2023-04-13T19:02:19.560+0000][gc,marking    ] GC(4) Concurrent Scan Root Regions
[2023-04-13T19:02:19.562+0000][gc,marking    ] GC(4) Concurrent Scan Root Regions 2.454ms
[2023-04-13T19:02:19.562+0000][gc,marking    ] GC(4) Concurrent Mark (2.464s)
[2023-04-13T19:02:19.562+0000][gc,marking    ] GC(4) Concurrent Mark From Roots
[2023-04-13T19:02:19.562+0000][gc,task       ] GC(4) Using 1 workers of 1 for marking
[2023-04-13T19:02:19.574+0000][gc,marking    ] GC(4) Concurrent Mark From Roots 12.102ms
[2023-04-13T19:02:19.574+0000][gc,marking    ] GC(4) Concurrent Preclean
[2023-04-13T19:02:19.575+0000][gc,marking    ] GC(4) Concurrent Preclean 0.096ms
[2023-04-13T19:02:19.575+0000][gc,marking    ] GC(4) Concurrent Mark (2.464s, 2.476s) 12.264ms
[2023-04-13T19:02:19.576+0000][gc,start      ] GC(4) Pause Remark
[2023-04-13T19:02:19.578+0000][gc,stringtable] GC(4) Cleaned string and symbol table, strings: 8064 processed, 12 removed, symbols: 68629 processed, 12 removed
[2023-04-13T19:02:19.578+0000][gc            ] GC(4) Pause Remark 141M->141M(1024M) 2.747ms
[2023-04-13T19:02:19.578+0000][gc,cpu        ] GC(4) User=0.01s Sys=0.00s Real=0.00s
[2023-04-13T19:02:19.578+0000][gc,marking    ] GC(4) Concurrent Rebuild Remembered Sets
[2023-04-13T19:02:19.584+0000][gc,marking    ] GC(4) Concurrent Rebuild Remembered Sets 5.551ms
[2023-04-13T19:02:19.584+0000][gc,start      ] GC(4) Pause Cleanup
[2023-04-13T19:02:19.585+0000][gc            ] GC(4) Pause Cleanup 142M->142M(1024M) 0.223ms
[2023-04-13T19:02:19.585+0000][gc,cpu        ] GC(4) User=0.00s Sys=0.00s Real=0.00s
[2023-04-13T19:02:19.585+0000][gc,marking    ] GC(4) Concurrent Cleanup for Next Mark
[2023-04-13T19:02:19.611+0000][gc,marking    ] GC(4) Concurrent Cleanup for Next Mark 25.929ms
[2023-04-13T19:02:19.611+0000][gc            ] GC(4) Concurrent Cycle 51.195ms
[2023-04-13T19:13:50.239+0000][gc,start      ] GC(5) Pause Young (Normal) (G1 Evacuation Pause)
[2023-04-13T19:13:50.239+0000][gc,task       ] GC(5) Using 4 workers of 4 for evacuation
[2023-04-13T19:13:50.257+0000][gc,phases     ] GC(5)   Pre Evacuate Collection Set: 0.2ms
[2023-04-13T19:13:50.257+0000][gc,phases     ] GC(5)   Evacuate Collection Set: 16.6ms
[2023-04-13T19:13:50.257+0000][gc,phases     ] GC(5)   Post Evacuate Collection Set: 0.4ms
[2023-04-13T19:13:50.257+0000][gc,phases     ] GC(5)   Other: 0.4ms
[2023-04-13T19:13:50.257+0000][gc,heap       ] GC(5) Eden regions: 46->0(48)
[2023-04-13T19:13:50.257+0000][gc,heap       ] GC(5) Survivor regions: 5->3(7)
[2023-04-13T19:13:50.257+0000][gc,heap       ] GC(5) Old regions: 9->13
[2023-04-13T19:13:50.257+0000][gc,heap       ] GC(5) Humongous regions: 129->129
[2023-04-13T19:13:50.257+0000][gc,metaspace  ] GC(5) Metaspace: 36715K(38656K)->36715K(38656K) NonClass: 32224K(33280K)->32224K(33280K) Class: 4490K(5376K)->4490K(5376K)
[2023-04-13T19:13:50.257+0000][gc            ] GC(5) Pause Young (Normal) (G1 Evacuation Pause) 186M->142M(1024M) 17.779ms
[2023-04-13T19:13:50.257+0000][gc,cpu        ] GC(5) User=0.04s Sys=0.00s Real=0.02s
[2023-04-13T19:35:52.227+0000][gc,start      ] GC(6) Pause Young (Normal) (G1 Evacuation Pause)
[2023-04-13T19:35:52.227+0000][gc,task       ] GC(6) Using 4 workers of 4 for evacuation
[2023-04-13T19:35:52.233+0000][gc,phases     ] GC(6)   Pre Evacuate Collection Set: 0.0ms
[2023-04-13T19:35:52.233+0000][gc,phases     ] GC(6)   Evacuate Collection Set: 5.5ms
[2023-04-13T19:35:52.233+0000][gc,phases     ] GC(6)   Post Evacuate Collection Set: 0.4ms
[2023-04-13T19:35:52.233+0000][gc,phases     ] GC(6)   Other: 0.2ms
[2023-04-13T19:35:52.233+0000][gc,heap       ] GC(6) Eden regions: 48->0(47)
[2023-04-13T19:35:52.233+0000][gc,heap       ] GC(6) Survivor regions: 3->4(7)
[2023-04-13T19:35:52.233+0000][gc,heap       ] GC(6) Old regions: 13->13
[2023-04-13T19:35:52.233+0000][gc,heap       ] GC(6) Humongous regions: 129->129
[2023-04-13T19:35:52.233+0000][gc,metaspace  ] GC(6) Metaspace: 41103K(43648K)->41103K(43648K) NonClass: 35802K(37120K)->35802K(37120K) Class: 5301K(6528K)->5301K(6528K)
[2023-04-13T19:35:52.233+0000][gc            ] GC(6) Pause Young (Normal) (G1 Evacuation Pause) 190M->144M(1024M) 6.283ms
[2023-04-13T19:35:52.233+0000][gc,cpu        ] GC(6) User=0.01s Sys=0.00s Real=0.01s
[2023-04-13T19:46:07.612+0000][gc,start      ] GC(7) Pause Young (Normal) (G1 Evacuation Pause)
[2023-04-13T19:46:07.612+0000][gc,task       ] GC(7) Using 4 workers of 4 for evacuation
[2023-04-13T19:46:07.622+0000][gc,phases     ] GC(7)   Pre Evacuate Collection Set: 0.0ms
[2023-04-13T19:46:07.622+0000][gc,phases     ] GC(7)   Evacuate Collection Set: 7.6ms
[2023-04-13T19:46:07.622+0000][gc,phases     ] GC(7)   Post Evacuate Collection Set: 2.3ms
[2023-04-13T19:46:07.622+0000][gc,phases     ] GC(7)   Other: 0.3ms
[2023-04-13T19:46:07.622+0000][gc,heap       ] GC(7) Eden regions: 47->0(46)
[2023-04-13T19:46:07.622+0000][gc,heap       ] GC(7) Survivor regions: 4->5(7)
[2023-04-13T19:46:07.622+0000][gc,heap       ] GC(7) Old regions: 13->15
[2023-04-13T19:46:07.622+0000][gc,heap       ] GC(7) Humongous regions: 129->129
[2023-04-13T19:46:07.622+0000][gc,metaspace  ] GC(7) Metaspace: 44066K(46976K)->44066K(46976K) NonClass: 38366K(39936K)->38366K(39936K) Class: 5700K(7040K)->5700K(7040K)
[2023-04-13T19:46:07.622+0000][gc            ] GC(7) Pause Young (Normal) (G1 Evacuation Pause) 191M->146M(1024M) 10.311ms
[2023-04-13T19:46:07.622+0000][gc,cpu        ] GC(7) User=0.02s Sys=0.01s Real=0.01s
[2023-04-13T19:59:50.751+0000][gc,start      ] GC(8) Pause Young (Normal) (G1 Evacuation Pause)
[2023-04-13T19:59:50.751+0000][gc,task       ] GC(8) Using 4 workers of 4 for evacuation
[2023-04-13T19:59:50.767+0000][gc,phases     ] GC(8)   Pre Evacuate Collection Set: 0.1ms
[2023-04-13T19:59:50.767+0000][gc,phases     ] GC(8)   Evacuate Collection Set: 14.9ms
[2023-04-13T19:59:50.767+0000][gc,phases     ] GC(8)   Post Evacuate Collection Set: 0.5ms
[2023-04-13T19:59:50.767+0000][gc,phases     ] GC(8)   Other: 0.4ms
[2023-04-13T19:59:50.768+0000][gc,heap       ] GC(8) Eden regions: 46->0(47)
[2023-04-13T19:59:50.768+0000][gc,heap       ] GC(8) Survivor regions: 5->4(7)
[2023-04-13T19:59:50.768+0000][gc,heap       ] GC(8) Old regions: 15->17
[2023-04-13T19:59:50.768+0000][gc,heap       ] GC(8) Humongous regions: 129->129
[2023-04-13T19:59:50.768+0000][gc,metaspace  ] GC(8) Metaspace: 44208K(46976K)->44208K(46976K) NonClass: 38507K(39936K)->38507K(39936K) Class: 5700K(7040K)->5700K(7040K)
[2023-04-13T19:59:50.768+0000][gc            ] GC(8) Pause Young (Normal) (G1 Evacuation Pause) 192M->147M(1024M) 17.452ms
[2023-04-13T19:59:50.768+0000][gc,cpu        ] GC(8) User=0.02s Sys=0.00s Real=0.02s
[2023-04-13T20:13:49.737+0000][gc,start      ] GC(9) Pause Young (Normal) (G1 Evacuation Pause)
[2023-04-13T20:13:49.737+0000][gc,task       ] GC(9) Using 4 workers of 4 for evacuation
[2023-04-13T20:13:49.743+0000][gc,phases     ] GC(9)   Pre Evacuate Collection Set: 0.1ms
[2023-04-13T20:13:49.744+0000][gc,phases     ] GC(9)   Evacuate Collection Set: 5.8ms
[2023-04-13T20:13:49.744+0000][gc,phases     ] GC(9)   Post Evacuate Collection Set: 0.7ms
[2023-04-13T20:13:49.744+0000][gc,phases     ] GC(9)   Other: 0.2ms
[2023-04-13T20:13:49.744+0000][gc,heap       ] GC(9) Eden regions: 47->0(47)
[2023-04-13T20:13:49.744+0000][gc,heap       ] GC(9) Survivor regions: 4->4(7)
[2023-04-13T20:13:49.744+0000][gc,heap       ] GC(9) Old regions: 17->17
[2023-04-13T20:13:49.744+0000][gc,heap       ] GC(9) Humongous regions: 129->129
[2023-04-13T20:13:49.744+0000][gc,metaspace  ] GC(9) Metaspace: 44302K(47360K)->44302K(47360K) NonClass: 38596K(40192K)->38596K(40192K) Class: 5706K(7168K)->5706K(7168K)
[2023-04-13T20:13:49.744+0000][gc            ] GC(9) Pause Young (Normal) (G1 Evacuation Pause) 194M->147M(1024M) 7.052ms
[2023-04-13T20:13:49.744+0000][gc,cpu        ] GC(9) User=0.02s Sys=0.00s Real=0.01s
[2023-04-13T20:25:49.368+0000][gc,start      ] GC(10) Pause Young (Normal) (G1 Evacuation Pause)
[2023-04-13T20:25:49.369+0000][gc,task       ] GC(10) Using 4 workers of 4 for evacuation
[2023-04-13T20:25:49.374+0000][gc,phases     ] GC(10)   Pre Evacuate Collection Set: 0.0ms
[2023-04-13T20:25:49.374+0000][gc,phases     ] GC(10)   Evacuate Collection Set: 4.1ms
[2023-04-13T20:25:49.374+0000][gc,phases     ] GC(10)   Post Evacuate Collection Set: 0.7ms
[2023-04-13T20:25:49.374+0000][gc,phases     ] GC(10)   Other: 0.3ms
[2023-04-13T20:25:49.374+0000][gc,heap       ] GC(10) Eden regions: 47->0(48)
[2023-04-13T20:25:49.374+0000][gc,heap       ] GC(10) Survivor regions: 4->3(7)
[2023-04-13T20:25:49.374+0000][gc,heap       ] GC(10) Old regions: 17->17
[2023-04-13T20:25:49.374+0000][gc,heap       ] GC(10) Humongous regions: 129->129
[2023-04-13T20:25:49.374+0000][gc,metaspace  ] GC(10) Metaspace: 44485K(47360K)->44485K(47360K) NonClass: 38767K(40192K)->38767K(40192K) Class: 5717K(7168K)->5717K(7168K)
[2023-04-13T20:25:49.374+0000][gc            ] GC(10) Pause Young (Normal) (G1 Evacuation Pause) 194M->147M(1024M) 5.341ms
[2023-04-13T20:25:49.374+0000][gc,cpu        ] GC(10) User=0.01s Sys=0.00s Real=0.00s
[2023-04-13T20:36:26.040+0000][gc,start      ] GC(11) Pause Young (Normal) (G1 Evacuation Pause)
[2023-04-13T20:36:26.040+0000][gc,task       ] GC(11) Using 4 workers of 4 for evacuation
[2023-04-13T20:36:26.045+0000][gc,phases     ] GC(11)   Pre Evacuate Collection Set: 0.0ms
[2023-04-13T20:36:26.045+0000][gc,phases     ] GC(11)   Evacuate Collection Set: 4.1ms
[2023-04-13T20:36:26.045+0000][gc,phases     ] GC(11)   Post Evacuate Collection Set: 0.4ms
[2023-04-13T20:36:26.045+0000][gc,phases     ] GC(11)   Other: 0.2ms
[2023-04-13T20:36:26.045+0000][gc,heap       ] GC(11) Eden regions: 48->0(54)
[2023-04-13T20:36:26.045+0000][gc,heap       ] GC(11) Survivor regions: 3->3(7)
[2023-04-13T20:36:26.045+0000][gc,heap       ] GC(11) Old regions: 17->17
[2023-04-13T20:36:26.045+0000][gc,heap       ] GC(11) Humongous regions: 129->129
[2023-04-13T20:36:26.045+0000][gc,metaspace  ] GC(11) Metaspace: 44511K(47360K)->44511K(47360K) NonClass: 38793K(40192K)->38793K(40192K) Class: 5717K(7168K)->5717K(7168K)
[2023-04-13T20:36:26.045+0000][gc            ] GC(11) Pause Young (Normal) (G1 Evacuation Pause) 195M->147M(1024M) 4.929ms
[2023-04-13T20:36:26.045+0000][gc,cpu        ] GC(11) User=0.02s Sys=0.00s Real=0.00s
[2023-04-13T20:48:11.462+0000][gc,start      ] GC(12) Pause Young (Normal) (G1 Evacuation Pause)
[2023-04-13T20:48:11.464+0000][gc,task       ] GC(12) Using 4 workers of 4 for evacuation
[2023-04-13T20:48:11.470+0000][gc,phases     ] GC(12)   Pre Evacuate Collection Set: 0.0ms
[2023-04-13T20:48:11.470+0000][gc,phases     ] GC(12)   Evacuate Collection Set: 5.3ms
[2023-04-13T20:48:11.471+0000][gc,phases     ] GC(12)   Post Evacuate Collection Set: 0.8ms
[2023-04-13T20:48:11.471+0000][gc,phases     ] GC(12)   Other: 2.5ms
[2023-04-13T20:48:11.471+0000][gc,heap       ] GC(12) Eden regions: 54->0(149)
[2023-04-13T20:48:11.471+0000][gc,heap       ] GC(12) Survivor regions: 3->4(8)
[2023-04-13T20:48:11.471+0000][gc,heap       ] GC(12) Old regions: 17->17
[2023-04-13T20:48:11.471+0000][gc,heap       ] GC(12) Humongous regions: 129->129
[2023-04-13T20:48:11.471+0000][gc,metaspace  ] GC(12) Metaspace: 44539K(47616K)->44539K(47616K) NonClass: 38822K(40448K)->38822K(40448K) Class: 5717K(7168K)->5717K(7168K)
[2023-04-13T20:48:11.471+0000][gc            ] GC(12) Pause Young (Normal) (G1 Evacuation Pause) 201M->148M(1024M) 9.066ms
[2023-04-13T20:48:11.471+0000][gc,cpu        ] GC(12) User=0.02s Sys=0.00s Real=0.01s
