[2023-02-26T02:16:26.892+0000][gc,heap] Heap region size: 1M
[2023-02-26T02:16:26.897+0000][gc     ] Using G1
[2023-02-26T02:16:26.897+0000][gc,heap,coops] Heap address: 0x00000000e0000000, size: 512 MB, Compressed Oops mode: 32-bit
[2023-02-26T02:16:26.897+0000][gc,cds       ] Mark closed archive regions in map: [0x00000000fff00000, 0x00000000fff6aff8]
[2023-02-26T02:16:26.897+0000][gc,cds       ] Mark open archive regions in map: [0x00000000ffe00000, 0x00000000ffe47ff8]
[2023-02-26T02:16:27.389+0000][gc,start     ] GC(0) Pause Young (Normal) (G1 Evacuation Pause)
[2023-02-26T02:16:27.389+0000][gc,task      ] GC(0) Using 4 workers of 4 for evacuation
[2023-02-26T02:16:27.398+0000][gc,phases    ] GC(0)   Pre Evacuate Collection Set: 0.0ms
[2023-02-26T02:16:27.398+0000][gc,phases    ] GC(0)   Evacuate Collection Set: 8.1ms
[2023-02-26T02:16:27.398+0000][gc,phases    ] GC(0)   Post Evacuate Collection Set: 0.3ms
[2023-02-26T02:16:27.398+0000][gc,phases    ] GC(0)   Other: 0.4ms
[2023-02-26T02:16:27.398+0000][gc,heap      ] GC(0) Eden regions: 25->0(21)
[2023-02-26T02:16:27.398+0000][gc,heap      ] GC(0) Survivor regions: 0->4(4)
[2023-02-26T02:16:27.398+0000][gc,heap      ] GC(0) Old regions: 2->5
[2023-02-26T02:16:27.398+0000][gc,heap      ] GC(0) Humongous regions: 0->0
[2023-02-26T02:16:27.398+0000][gc,metaspace ] GC(0) Metaspace: 7318K(7936K)->7318K(7936K) NonClass: 6497K(6912K)->6497K(6912K) Class: 821K(1024K)->821K(1024K)
[2023-02-26T02:16:27.398+0000][gc           ] GC(0) Pause Young (Normal) (G1 Evacuation Pause) 25M->7M(512M) 8.796ms
[2023-02-26T02:16:27.398+0000][gc,cpu       ] GC(0) User=0.00s Sys=0.02s Real=0.01s
[2023-02-26T02:50:17.722+0000][gc,heap,exit ] Heap
[2023-02-26T02:50:17.723+0000][gc,heap,exit ]  garbage-first heap   total 524288K, used 23169K [0x00000000e0000000, 0x0000000100000000)
[2023-02-26T02:50:17.723+0000][gc,heap,exit ]   region size 1024K, 20 young (20480K), 4 survivors (4096K)
[2023-02-26T02:50:17.723+0000][gc,heap,exit ]  Metaspace       used 9232K, capacity 9600K, committed 9856K, reserved 1058816K
[2023-02-26T02:50:17.723+0000][gc,heap,exit ]   class space    used 977K, capacity 1122K, committed 1152K, reserved 1048576K
