[2023-04-13T18:59:28.798+0000][gc,heap] Heap region size: 1M
[2023-04-13T18:59:28.804+0000][gc     ] Using G1
[2023-04-13T18:59:28.804+0000][gc,heap,coops] Heap address: 0x00000000e0000000, size: 512 MB, Compressed Oops mode: 32-bit
[2023-04-13T18:59:28.804+0000][gc,cds       ] Mark closed archive regions in map: [0x00000000fff00000, 0x00000000fff6aff8]
[2023-04-13T18:59:28.804+0000][gc,cds       ] Mark open archive regions in map: [0x00000000ffe00000, 0x00000000ffe47ff8]
[2023-04-13T18:59:30.452+0000][gc,heap,exit ] Heap
[2023-04-13T18:59:30.452+0000][gc,heap,exit ]  garbage-first heap   total 524288K, used 18124K [0x00000000e0000000, 0x0000000100000000)
[2023-04-13T18:59:30.452+0000][gc,heap,exit ]   region size 1024K, 18 young (18432K), 0 survivors (0K)
[2023-04-13T18:59:30.452+0000][gc,heap,exit ]  Metaspace       used 6209K, capacity 6500K, committed 6784K, reserved 1056768K
[2023-04-13T18:59:30.452+0000][gc,heap,exit ]   class space    used 708K, capacity 815K, committed 896K, reserved 1048576K
