[2023-04-13T19:00:21.524+0000][gc,heap] Heap region size: 1M
[2023-04-13T19:00:21.529+0000][gc     ] Using G1
[2023-04-13T19:00:21.529+0000][gc,heap,coops] Heap address: 0x00000000e0000000, size: 512 MB, Compressed Oops mode: 32-bit
[2023-04-13T19:00:21.529+0000][gc,cds       ] Mark closed archive regions in map: [0x00000000fff00000, 0x00000000fff6aff8]
[2023-04-13T19:00:21.529+0000][gc,cds       ] Mark open archive regions in map: [0x00000000ffe00000, 0x00000000ffe47ff8]
[2023-04-13T19:00:22.103+0000][gc,start     ] GC(0) Pause Young (Normal) (G1 Evacuation Pause)
[2023-04-13T19:00:22.103+0000][gc,task      ] GC(0) Using 4 workers of 4 for evacuation
[2023-04-13T19:00:22.119+0000][gc,phases    ] GC(0)   Pre Evacuate Collection Set: 0.0ms
[2023-04-13T19:00:22.119+0000][gc,phases    ] GC(0)   Evacuate Collection Set: 15.2ms
[2023-04-13T19:00:22.119+0000][gc,phases    ] GC(0)   Post Evacuate Collection Set: 0.3ms
[2023-04-13T19:00:22.119+0000][gc,phases    ] GC(0)   Other: 0.4ms
[2023-04-13T19:00:22.119+0000][gc,heap      ] GC(0) Eden regions: 25->0(21)
[2023-04-13T19:00:22.119+0000][gc,heap      ] GC(0) Survivor regions: 0->4(4)
[2023-04-13T19:00:22.119+0000][gc,heap      ] GC(0) Old regions: 2->5
[2023-04-13T19:00:22.119+0000][gc,heap      ] GC(0) Humongous regions: 0->0
[2023-04-13T19:00:22.119+0000][gc,metaspace ] GC(0) Metaspace: 7390K(7936K)->7390K(7936K) NonClass: 6564K(6912K)->6564K(6912K) Class: 826K(1024K)->826K(1024K)
[2023-04-13T19:00:22.119+0000][gc           ] GC(0) Pause Young (Normal) (G1 Evacuation Pause) 25M->7M(512M) 16.093ms
[2023-04-13T19:00:22.119+0000][gc,cpu       ] GC(0) User=0.05s Sys=0.00s Real=0.01s
