[2023-02-26T02:15:37.670+0000][gc,heap] Heap region size: 1M
[2023-02-26T02:15:37.675+0000][gc     ] Using G1
[2023-02-26T02:15:37.675+0000][gc,heap,coops] Heap address: 0x00000000e0000000, size: 512 MB, Compressed Oops mode: 32-bit
[2023-02-26T02:15:37.675+0000][gc,cds       ] Mark closed archive regions in map: [0x00000000fff00000, 0x00000000fff6aff8]
[2023-02-26T02:15:37.675+0000][gc,cds       ] Mark open archive regions in map: [0x00000000ffe00000, 0x00000000ffe47ff8]
[2023-02-26T02:15:39.115+0000][gc,start     ] GC(0) Pause Young (Normal) (G1 Evacuation Pause)
[2023-02-26T02:15:39.115+0000][gc,task      ] GC(0) Using 4 workers of 4 for evacuation
[2023-02-26T02:15:39.140+0000][gc,mmu       ] GC(0) MMU target violated: 21.0ms (20.0ms/21.0ms)
[2023-02-26T02:15:39.141+0000][gc,phases    ] GC(0)   Pre Evacuate Collection Set: 0.0ms
[2023-02-26T02:15:39.141+0000][gc,phases    ] GC(0)   Evacuate Collection Set: 16.4ms
[2023-02-26T02:15:39.141+0000][gc,phases    ] GC(0)   Post Evacuate Collection Set: 8.7ms
[2023-02-26T02:15:39.141+0000][gc,phases    ] GC(0)   Other: 0.5ms
[2023-02-26T02:15:39.141+0000][gc,heap      ] GC(0) Eden regions: 25->0(21)
[2023-02-26T02:15:39.141+0000][gc,heap      ] GC(0) Survivor regions: 0->4(4)
[2023-02-26T02:15:39.141+0000][gc,heap      ] GC(0) Old regions: 2->5
[2023-02-26T02:15:39.141+0000][gc,heap      ] GC(0) Humongous regions: 0->0
[2023-02-26T02:15:39.141+0000][gc,metaspace ] GC(0) Metaspace: 7466K(7936K)->7466K(7936K) NonClass: 6636K(6912K)->6636K(6912K) Class: 830K(1024K)->830K(1024K)
[2023-02-26T02:15:39.141+0000][gc           ] GC(0) Pause Young (Normal) (G1 Evacuation Pause) 25M->7M(512M) 25.710ms
[2023-02-26T02:15:39.141+0000][gc,cpu       ] GC(0) User=0.03s Sys=0.00s Real=0.02s
[2023-02-26T02:16:21.585+0000][gc,heap,exit ] Heap
[2023-02-26T02:16:21.586+0000][gc,heap,exit ]  garbage-first heap   total 524288K, used 12822K [0x00000000e0000000, 0x0000000100000000)
[2023-02-26T02:16:21.586+0000][gc,heap,exit ]   region size 1024K, 10 young (10240K), 4 survivors (4096K)
[2023-02-26T02:16:21.586+0000][gc,heap,exit ]  Metaspace       used 8165K, capacity 8565K, committed 8832K, reserved 1056768K
[2023-02-26T02:16:21.586+0000][gc,heap,exit ]   class space    used 913K, capacity 1055K, committed 1152K, reserved 1048576K
